Archive member included to satisfy reference by file (symbol)

d:/atollic/truestudio for stm32 9.3.0/armtools/bin/../lib/gcc/arm-atollic-eabi/6.3.1/../../../../arm-atollic-eabi/lib/armv7e-m/fpu\libc_nano.a(lib_a-errno.o)
                              Application\SW4STM32\syscalls.o (__errno)
d:/atollic/truestudio for stm32 9.3.0/armtools/bin/../lib/gcc/arm-atollic-eabi/6.3.1/../../../../arm-atollic-eabi/lib/armv7e-m/fpu\libc_nano.a(lib_a-impure.o)
                              d:/atollic/truestudio for stm32 9.3.0/armtools/bin/../lib/gcc/arm-atollic-eabi/6.3.1/../../../../arm-atollic-eabi/lib/armv7e-m/fpu\libc_nano.a(lib_a-errno.o) (_impure_ptr)
d:/atollic/truestudio for stm32 9.3.0/armtools/bin/../lib/gcc/arm-atollic-eabi/6.3.1/../../../../arm-atollic-eabi/lib/armv7e-m/fpu\libc_nano.a(lib_a-init.o)
                              Application\SW4STM32\startup_stm32f303xe.o (__libc_init_array)
d:/atollic/truestudio for stm32 9.3.0/armtools/bin/../lib/gcc/arm-atollic-eabi/6.3.1/../../../../arm-atollic-eabi/lib/armv7e-m/fpu\libc_nano.a(lib_a-memset.o)
                              Application\User\main.o (memset)

Allocating common symbols
Common symbol       size              file

uwTick              0x4               Drivers\STM32F3xx_HAL_Driver\stm32f3xx_hal.o
pFlash              0x20              Drivers\STM32F3xx_HAL_Driver\stm32f3xx_hal_flash.o

Discarded input sections

 .text          0x00000000        0x0 d:/atollic/truestudio for stm32 9.3.0/armtools/bin/../lib/gcc/arm-atollic-eabi/6.3.1/armv7e-m/fpu/crti.o
 .data          0x00000000        0x0 d:/atollic/truestudio for stm32 9.3.0/armtools/bin/../lib/gcc/arm-atollic-eabi/6.3.1/armv7e-m/fpu/crti.o
 .bss           0x00000000        0x0 d:/atollic/truestudio for stm32 9.3.0/armtools/bin/../lib/gcc/arm-atollic-eabi/6.3.1/armv7e-m/fpu/crti.o
 .data          0x00000000        0x4 d:/atollic/truestudio for stm32 9.3.0/armtools/bin/../lib/gcc/arm-atollic-eabi/6.3.1/armv7e-m/fpu/crtbegin.o
 .text          0x00000000       0x14 Application\SW4STM32\startup_stm32f303xe.o
 .data          0x00000000        0x0 Application\SW4STM32\startup_stm32f303xe.o
 .bss           0x00000000        0x0 Application\SW4STM32\startup_stm32f303xe.o
 .group         0x00000000        0x8 Application\SW4STM32\syscalls.o
 .group         0x00000000        0x8 Application\SW4STM32\syscalls.o
 .group         0x00000000        0x8 Application\SW4STM32\syscalls.o
 .group         0x00000000        0x8 Application\SW4STM32\syscalls.o
 .group         0x00000000        0x8 Application\SW4STM32\syscalls.o
 .group         0x00000000        0x8 Application\SW4STM32\syscalls.o
 .group         0x00000000        0x8 Application\SW4STM32\syscalls.o
 .group         0x00000000        0x8 Application\SW4STM32\syscalls.o
 .group         0x00000000        0x8 Application\SW4STM32\syscalls.o
 .group         0x00000000        0x8 Application\SW4STM32\syscalls.o
 .group         0x00000000        0x8 Application\SW4STM32\syscalls.o
 .group         0x00000000        0x8 Application\SW4STM32\syscalls.o
 .group         0x00000000        0x8 Application\SW4STM32\syscalls.o
 .group         0x00000000        0x8 Application\SW4STM32\syscalls.o
 .group         0x00000000        0x8 Application\SW4STM32\syscalls.o
 .group         0x00000000        0x8 Application\SW4STM32\syscalls.o
 .group         0x00000000        0x8 Application\SW4STM32\syscalls.o
 .group         0x00000000        0x8 Application\SW4STM32\syscalls.o
 .group         0x00000000        0x8 Application\SW4STM32\syscalls.o
 .group         0x00000000        0x8 Application\SW4STM32\syscalls.o
 .group         0x00000000        0x8 Application\SW4STM32\syscalls.o
 .group         0x00000000        0x8 Application\SW4STM32\syscalls.o
 .group         0x00000000        0x8 Application\SW4STM32\syscalls.o
 .group         0x00000000        0x8 Application\SW4STM32\syscalls.o
 .group         0x00000000        0x8 Application\SW4STM32\syscalls.o
 .group         0x00000000        0x8 Application\SW4STM32\syscalls.o
 .group         0x00000000        0x8 Application\SW4STM32\syscalls.o
 .group         0x00000000        0x8 Application\SW4STM32\syscalls.o
 .group         0x00000000        0x8 Application\SW4STM32\syscalls.o
 .group         0x00000000        0x8 Application\SW4STM32\syscalls.o
 .group         0x00000000        0x8 Application\SW4STM32\syscalls.o
 .group         0x00000000        0x8 Application\SW4STM32\syscalls.o
 .group         0x00000000        0x8 Application\SW4STM32\syscalls.o
 .group         0x00000000        0x8 Application\SW4STM32\syscalls.o
 .group         0x00000000        0x8 Application\SW4STM32\syscalls.o
 .group         0x00000000        0x8 Application\SW4STM32\syscalls.o
 .group         0x00000000        0x8 Application\SW4STM32\syscalls.o
 .group         0x00000000        0x8 Application\SW4STM32\syscalls.o
 .group         0x00000000        0x8 Application\SW4STM32\syscalls.o
[...]
Memory Configuration

Name             Origin             Length             Attributes
RAM              0x20000000         0x00010000         xrw
CCMRAM           0x10000000         0x00004000         rw
FLASH            0x08000000         0x00080000         xr
*default*        0x00000000         0xffffffff

Linker script and memory map

LOAD d:/atollic/truestudio for stm32 9.3.0/armtools/bin/../lib/gcc/arm-atollic-eabi/6.3.1/armv7e-m/fpu/crti.o
LOAD d:/atollic/truestudio for stm32 9.3.0/armtools/bin/../lib/gcc/arm-atollic-eabi/6.3.1/armv7e-m/fpu/crtbegin.o
LOAD Application\SW4STM32\startup_stm32f303xe.o
LOAD Application\SW4STM32\syscalls.o
LOAD Application\User\main.o
LOAD Application\User\stm32f3xx_hal_msp.o
LOAD Application\User\stm32f3xx_it.o
LOAD Drivers\CMSIS\system_stm32f3xx.o
LOAD Drivers\STM32F3xx_HAL_Driver\stm32f3xx_hal.o
LOAD Drivers\STM32F3xx_HAL_Driver\stm32f3xx_hal_cortex.o
LOAD Drivers\STM32F3xx_HAL_Driver\stm32f3xx_hal_dma.o
LOAD Drivers\STM32F3xx_HAL_Driver\stm32f3xx_hal_flash.o
LOAD Drivers\STM32F3xx_HAL_Driver\stm32f3xx_hal_flash_ex.o
LOAD Drivers\STM32F3xx_HAL_Driver\stm32f3xx_hal_gpio.o
LOAD Drivers\STM32F3xx_HAL_Driver\stm32f3xx_hal_i2c.o
LOAD Drivers\STM32F3xx_HAL_Driver\stm32f3xx_hal_i2c_ex.o
LOAD Drivers\STM32F3xx_HAL_Driver\stm32f3xx_hal_pwr.o
LOAD Drivers\STM32F3xx_HAL_Driver\stm32f3xx_hal_pwr_ex.o
LOAD Drivers\STM32F3xx_HAL_Driver\stm32f3xx_hal_rcc.o
LOAD Drivers\STM32F3xx_HAL_Driver\stm32f3xx_hal_rcc_ex.o
LOAD Drivers\STM32F3xx_HAL_Driver\stm32f3xx_hal_tim.o
LOAD Drivers\STM32F3xx_HAL_Driver\stm32f3xx_hal_tim_ex.o
                0x00001000                malloc_getpagesize_P = 0x1000
START GROUP
LOAD d:/atollic/truestudio for stm32 9.3.0/armtools/bin/../lib/gcc/arm-atollic-eabi/6.3.1/../../../../arm-atollic-eabi/lib/armv7e-m/fpu\libstdc++_nano.a
LOAD d:/atollic/truestudio for stm32 9.3.0/armtools/bin/../lib/gcc/arm-atollic-eabi/6.3.1/../../../../arm-atollic-eabi/lib/armv7e-m/fpu\libsupc++_nano.a
END GROUP
LOAD d:/atollic/truestudio for stm32 9.3.0/armtools/bin/../lib/gcc/arm-atollic-eabi/6.3.1/../../../../arm-atollic-eabi/lib/armv7e-m/fpu\libstdc++_nano.a
LOAD d:/atollic/truestudio for stm32 9.3.0/armtools/bin/../lib/gcc/arm-atollic-eabi/6.3.1/../../../../arm-atollic-eabi/lib/armv7e-m/fpu\libm.a
LOAD d:/atollic/truestudio for stm32 9.3.0/armtools/bin/../lib/gcc/arm-atollic-eabi/6.3.1/../../../../arm-atollic-eabi/lib/armv7e-m/fpu\libc_nano.a
START GROUP
LOAD d:/atollic/truestudio for stm32 9.3.0/armtools/bin/../lib/gcc/arm-atollic-eabi/6.3.1/armv7e-m/fpu\libgcc.a
LOAD d:/atollic/truestudio for stm32 9.3.0/armtools/bin/../lib/gcc/arm-atollic-eabi/6.3.1/../../../../arm-atollic-eabi/lib/armv7e-m/fpu\libc_nano.a
END GROUP
START GROUP
LOAD d:/atollic/truestudio for stm32 9.3.0/armtools/bin/../lib/gcc/arm-atollic-eabi/6.3.1/armv7e-m/fpu\libgcc.a
LOAD d:/atollic/truestudio for stm32 9.3.0/armtools/bin/../lib/gcc/arm-atollic-eabi/6.3.1/../../../../arm-atollic-eabi/lib/armv7e-m/fpu\libc_nano.a
LOAD d:/atollic/truestudio for stm32 9.3.0/armtools/bin/../lib/gcc/arm-atollic-eabi/6.3.1/../../../../arm-atollic-eabi/lib/armv7e-m/fpu\libnosys.a
END GROUP
START GROUP
LOAD d:/atollic/truestudio for stm32 9.3.0/armtools/bin/../lib/gcc/arm-atollic-eabi/6.3.1/armv7e-m/fpu\libgcc.a
LOAD d:/atollic/truestudio for stm32 9.3.0/armtools/bin/../lib/gcc/arm-atollic-eabi/6.3.1/../../../../arm-atollic-eabi/lib/armv7e-m/fpu\libc_nano.a
LOAD d:/atollic/truestudio for stm32 9.3.0/armtools/bin/../lib/gcc/arm-atollic-eabi/6.3.1/../../../../arm-atollic-eabi/lib/armv7e-m/fpu\libnosys.a
END GROUP
LOAD d:/atollic/truestudio for stm32 9.3.0/armtools/bin/../lib/gcc/arm-atollic-eabi/6.3.1/armv7e-m/fpu/crtend.o
LOAD d:/atollic/truestudio for stm32 9.3.0/armtools/bin/../lib/gcc/arm-atollic-eabi/6.3.1/armv7e-m/fpu/crtn.o
                0x20010000                _estack = 0x20010000
                0x00000200                _Min_Heap_Size = 0x200
                0x00000400                _Min_Stack_Size = 0x400

.isr_vector     0x08000000      0x194
                0x08000000                . = ALIGN (0x4)
 *(.isr_vector)
 .isr_vector    0x08000000      0x194 Application\SW4STM32\startup_stm32f303xe.o
                0x08000000                g_pfnVectors
                0x08000194                . = ALIGN (0x4)

.text           0x08000194     0x12a4
                0x08000194                . = ALIGN (0x4)
 *(.text)
 .text          0x08000194       0x40 d:/atollic/truestudio for stm32 9.3.0/armtools/bin/../lib/gcc/arm-atollic-eabi/6.3.1/armv7e-m/fpu/crtbegin.o
 *(.text*)
 .text.Reset_Handler
                0x080001d4       0x50 Application\SW4STM32\startup_stm32f303xe.o
                0x080001d4                Reset_Handler
 .text.Default_Handler
                0x08000224        0x2 Application\SW4STM32\startup_stm32f303xe.o
                0x08000224                RTC_Alarm_IRQHandler
                0x08000224                TIM8_TRG_COM_IRQHandler
                0x08000224                TIM8_CC_IRQHandler
                0x08000224                SPI4_IRQHandler
                0x08000224                TIM1_CC_IRQHandler
                0x08000224                USB_HP_IRQHandler
                0x08000224                PVD_IRQHandler
                0x08000224                TAMP_STAMP_IRQHandler
                0x08000224                EXTI3_IRQHandler
                0x08000224                I2C3_ER_IRQHandler
                0x08000224                USB_HP_CAN_TX_IRQHandler
                0x08000224                EXTI0_IRQHandler
                0x08000224                I2C2_EV_IRQHandler
                0x08000224                FPU_IRQHandler
                0x08000224                TIM1_UP_TIM16_IRQHandler
                0x08000224                ADC1_2_IRQHandler
                0x08000224                SPI1_IRQHandler
                0x08000224                CAN_SCE_IRQHandler
                0x08000224                TIM6_DAC_IRQHandler
                0x08000224                TIM8_UP_IRQHandler
                0x08000224                DMA2_Channel2_IRQHandler
                0x08000224                DMA1_Channel4_IRQHandler
                0x08000224                TIM20_TRG_COM_IRQHandler
                0x08000224                USART3_IRQHandler
                0x08000224                DMA1_Channel7_IRQHandler
                0x08000224                UART5_IRQHandler
                0x08000224                ADC3_IRQHandler
                0x08000224                TIM4_IRQHandler
                0x08000224                CAN_RX1_IRQHandler
                0x08000224                DMA2_Channel1_IRQHandler
                0x08000224                I2C1_EV_IRQHandler
                0x08000224                DMA1_Channel6_IRQHandler
                0x08000224                UART4_IRQHandler
                0x08000224                DMA2_Channel4_IRQHandler
                0x08000224                TIM3_IRQHandler
                0x08000224                RCC_IRQHandler
                0x08000224                TIM20_UP_IRQHandler
                0x08000224                DMA1_Channel1_IRQHandler
                0x08000224                Default_Handler
                0x08000224                USBWakeUp_RMP_IRQHandler
                0x08000224                EXTI15_10_IRQHandler
                0x08000224                TIM7_IRQHandler
                0x08000224                I2C3_EV_IRQHandler
                0x08000224                EXTI9_5_IRQHandler
                0x08000224                RTC_WKUP_IRQHandler
                0x08000224                SPI2_IRQHandler
                0x08000224                USB_LP_CAN_RX0_IRQHandler
                0x08000224                DMA2_Channel5_IRQHandler
                0x08000224                DMA1_Channel5_IRQHandler
                0x08000224                USB_LP_IRQHandler
                0x08000224                EXTI4_IRQHandler
                0x08000224                TIM1_TRG_COM_TIM17_IRQHandler
                0x08000224                DMA1_Channel3_IRQHandler
                0x08000224                ADC4_IRQHandler
                0x08000224                WWDG_IRQHandler
                0x08000224                TIM2_IRQHandler
                0x08000224                COMP7_IRQHandler
                0x08000224                COMP1_2_3_IRQHandler
                0x08000224                EXTI1_IRQHandler
                0x08000224                USART2_IRQHandler
                0x08000224                COMP4_5_6_IRQHandler
                0x08000224                TIM20_BRK_IRQHandler
                0x08000224                I2C2_ER_IRQHandler
                0x08000224                DMA1_Channel2_IRQHandler
                0x08000224                TIM8_BRK_IRQHandler
                0x08000224                FLASH_IRQHandler
                0x08000224                TIM20_CC_IRQHandler
                0x08000224                USART1_IRQHandler
                0x08000224                SPI3_IRQHandler
                0x08000224                I2C1_ER_IRQHandler
                0x08000224                FMC_IRQHandler
                0x08000224                USBWakeUp_IRQHandler
                0x08000224                DMA2_Channel3_IRQHandler
                0x08000224                EXTI2_TSC_IRQHandler
                0x08000224                TIM1_BRK_TIM15_IRQHandler
 *fill*         0x08000226        0x2 
 .text._ZL12MX_GPIO_Initv
                0x08000228       0x20 Application\User\main.o
 .text._ZL12MX_I2C1_Initv
                0x08000248       0x44 Application\User\main.o
 .text._Z18SystemClock_Configv
                0x0800028c       0x6c Application\User\main.o
                0x0800028c                SystemClock_Config()
 .text.main     0x080002f8       0x14 Application\User\main.o
                0x080002f8                main
 .text.HAL_MspInit
                0x0800030c       0x30 Application\User\stm32f3xx_hal_msp.o
                0x0800030c                HAL_MspInit
 .text.HAL_I2C_MspInit
                0x0800033c       0x70 Application\User\stm32f3xx_hal_msp.o
                0x0800033c                HAL_I2C_MspInit
 .text.NMI_Handler
                0x080003ac        0x2 Application\User\stm32f3xx_it.o
                0x080003ac                NMI_Handler
 .text.HardFault_Handler
                0x080003ae        0x2 Application\User\stm32f3xx_it.o
                0x080003ae                HardFault_Handler
 .text.MemManage_Handler
                0x080003b0        0x2 Application\User\stm32f3xx_it.o
                0x080003b0                MemManage_Handler
 .text.BusFault_Handler
                0x080003b2        0x2 Application\User\stm32f3xx_it.o
                0x080003b2                BusFault_Handler
 .text.UsageFault_Handler
                0x080003b4        0x2 Application\User\stm32f3xx_it.o
                0x080003b4                UsageFault_Handler
 .text.SVC_Handler
                0x080003b6        0x2 Application\User\stm32f3xx_it.o
                0x080003b6                SVC_Handler
 .text.DebugMon_Handler
                0x080003b8        0x2 Application\User\stm32f3xx_it.o
                0x080003b8                DebugMon_Handler
 .text.PendSV_Handler
                0x080003ba        0x2 Application\User\stm32f3xx_it.o
                0x080003ba                PendSV_Handler
 .text.SysTick_Handler
                0x080003bc        0x8 Application\User\stm32f3xx_it.o
                0x080003bc                SysTick_Handler
 .text.SystemInit
                0x080003c4       0x68 Drivers\CMSIS\system_stm32f3xx.o
                0x080003c4                SystemInit
 .text.HAL_InitTick
                0x0800042c       0x48 Drivers\STM32F3xx_HAL_Driver\stm32f3xx_hal.o
                0x0800042c                HAL_InitTick
 .text.HAL_Init
                0x08000474       0x24 Drivers\STM32F3xx_HAL_Driver\stm32f3xx_hal.o
                0x08000474                HAL_Init
 .text.HAL_IncTick
                0x08000498       0x18 Drivers\STM32F3xx_HAL_Driver\stm32f3xx_hal.o
                0x08000498                HAL_IncTick
 .text.HAL_GetTick
                0x080004b0        0xc Drivers\STM32F3xx_HAL_Driver\stm32f3xx_hal.o
                0x080004b0                HAL_GetTick
 .text.HAL_NVIC_SetPriorityGrouping
                0x080004bc       0x24 Drivers\STM32F3xx_HAL_Driver\stm32f3xx_hal_cortex.o
                0x080004bc                HAL_NVIC_SetPriorityGrouping
 .text.HAL_NVIC_SetPriority
                0x080004e0       0x64 Drivers\STM32F3xx_HAL_Driver\stm32f3xx_hal_cortex.o
                0x080004e0                HAL_NVIC_SetPriority
 .text.HAL_SYSTICK_Config
                0x08000544       0x2c Drivers\STM32F3xx_HAL_Driver\stm32f3xx_hal_cortex.o
                0x08000544                HAL_SYSTICK_Config
 .text.HAL_GPIO_Init
                0x08000570      0x1b4 Drivers\STM32F3xx_HAL_Driver\stm32f3xx_hal_gpio.o
                0x08000570                HAL_GPIO_Init
 .text.HAL_I2C_Init
                0x08000724       0xbc Drivers\STM32F3xx_HAL_Driver\stm32f3xx_hal_i2c.o
                0x08000724                HAL_I2C_Init
 .text.HAL_I2CEx_ConfigAnalogFilter
                0x080007e0       0x5c Drivers\STM32F3xx_HAL_Driver\stm32f3xx_hal_i2c_ex.o
                0x080007e0                HAL_I2CEx_ConfigAnalogFilter
 .text.HAL_I2CEx_ConfigDigitalFilter
                0x0800083c       0x58 Drivers\STM32F3xx_HAL_Driver\stm32f3xx_hal_i2c_ex.o
                0x0800083c                HAL_I2CEx_ConfigDigitalFilter
 .text.HAL_RCC_OscConfig
                0x08000894      0x61c Drivers\STM32F3xx_HAL_Driver\stm32f3xx_hal_rcc.o
                0x08000894                HAL_RCC_OscConfig
 .text.HAL_RCC_GetSysClockFreq
                0x08000eb0       0x70 Drivers\STM32F3xx_HAL_Driver\stm32f3xx_hal_rcc.o
                0x08000eb0                HAL_RCC_GetSysClockFreq
 .text.HAL_RCC_ClockConfig
                0x08000f20      0x1a0 Drivers\STM32F3xx_HAL_Driver\stm32f3xx_hal_rcc.o
                0x08000f20                HAL_RCC_ClockConfig
 .text.HAL_RCCEx_PeriphCLKConfig
                0x080010c0      0x308 Drivers\STM32F3xx_HAL_Driver\stm32f3xx_hal_rcc_ex.o
                0x080010c0                HAL_RCCEx_PeriphCLKConfig
 .text.__libc_init_array
                0x080013c8       0x48 d:/atollic/truestudio for stm32 9.3.0/armtools/bin/../lib/gcc/arm-atollic-eabi/6.3.1/../../../../arm-atollic-eabi/lib/armv7e-m/fpu\libc_nano.a(lib_a-init.o)
                0x080013c8                __libc_init_array
 .text.memset   0x08001410       0x10 d:/atollic/truestudio for stm32 9.3.0/armtools/bin/../lib/gcc/arm-atollic-eabi/6.3.1/../../../../arm-atollic-eabi/lib/armv7e-m/fpu\libc_nano.a(lib_a-memset.o)
                0x08001410                memset
 *(.glue_7)
 .glue_7        0x08001420        0x0 linker stubs
 *(.glue_7t)
 .glue_7t       0x08001420        0x0 linker stubs
 *(.eh_frame)
 .eh_frame      0x08001420        0x0 d:/atollic/truestudio for stm32 9.3.0/armtools/bin/../lib/gcc/arm-atollic-eabi/6.3.1/armv7e-m/fpu/crtbegin.o
 *(.init)
 .init          0x08001420        0x4 d:/atollic/truestudio for stm32 9.3.0/armtools/bin/../lib/gcc/arm-atollic-eabi/6.3.1/armv7e-m/fpu/crti.o
                0x08001420                _init
 .init          0x08001424        0x8 d:/atollic/truestudio for stm32 9.3.0/armtools/bin/../lib/gcc/arm-atollic-eabi/6.3.1/armv7e-m/fpu/crtn.o
 *(.fini)
 .fini          0x0800142c        0x4 d:/atollic/truestudio for stm32 9.3.0/armtools/bin/../lib/gcc/arm-atollic-eabi/6.3.1/armv7e-m/fpu/crti.o
                0x0800142c                _fini
 .fini          0x08001430        0x8 d:/atollic/truestudio for stm32 9.3.0/armtools/bin/../lib/gcc/arm-atollic-eabi/6.3.1/armv7e-m/fpu/crtn.o
                0x08001438                . = ALIGN (0x4)
                0x08001438                _etext = .

.vfp11_veneer   0x08001438        0x0
 .vfp11_veneer  0x08001438        0x0 linker stubs

.v4_bx          0x08001438        0x0
 .v4_bx         0x08001438        0x0 linker stubs

.iplt           0x08001438        0x0
 .iplt          0x08001438        0x0 d:/atollic/truestudio for stm32 9.3.0/armtools/bin/../lib/gcc/arm-atollic-eabi/6.3.1/armv7e-m/fpu/crtbegin.o

.rodata         0x08001438       0x38
                0x08001438                . = ALIGN (0x4)
 *(.rodata)
 .rodata        0x08001438       0x18 Drivers\CMSIS\system_stm32f3xx.o
                0x08001438                AHBPrescTable
                0x08001448                APBPrescTable
 .rodata        0x08001450       0x20 Drivers\STM32F3xx_HAL_Driver\stm32f3xx_hal_rcc.o
                0x08001450                aPLLMULFactorTable
                0x08001460                aPredivFactorTable
 *(.rodata*)
                0x08001470                . = ALIGN (0x4)

.rel.dyn        0x08001470        0x0
 .rel.iplt      0x08001470        0x0 d:/atollic/truestudio for stm32 9.3.0/armtools/bin/../lib/gcc/arm-atollic-eabi/6.3.1/armv7e-m/fpu/crtbegin.o

.ARM.extab
 *(.ARM.extab* .gnu.linkonce.armextab.*)

.ARM            0x08001470        0x0
                0x08001470                __exidx_start = .
 *(.ARM.exidx*)
                0x08001470                __exidx_end = .

.preinit_array  0x08001470        0x0
                0x08001470                PROVIDE (__preinit_array_start, .)
 *(.preinit_array*)
                0x08001470                PROVIDE (__preinit_array_end, .)

.init_array     0x08001470        0x4
                0x08001470                PROVIDE (__init_array_start, .)
 *(SORT(.init_array.*))
 *(.init_array*)
 .init_array    0x08001470        0x4 d:/atollic/truestudio for stm32 9.3.0/armtools/bin/../lib/gcc/arm-atollic-eabi/6.3.1/armv7e-m/fpu/crtbegin.o
                0x08001474                PROVIDE (__init_array_end, .)

.fini_array     0x08001474        0x4
                [!provide]                PROVIDE (__fini_array_start, .)
 *(SORT(.fini_array.*))
 *(.fini_array*)
 .fini_array    0x08001474        0x4 d:/atollic/truestudio for stm32 9.3.0/armtools/bin/../lib/gcc/arm-atollic-eabi/6.3.1/armv7e-m/fpu/crtbegin.o
                [!provide]                PROVIDE (__fini_array_end, .)
                0x08001478                _sidata = LOADADDR (.data)

.data           0x20000000        0xc load address 0x08001478
                0x20000000                . = ALIGN (0x4)
                0x20000000                _sdata = .
 *(.data)
 .data          0x20000000        0x4 Drivers\CMSIS\system_stm32f3xx.o
                0x20000000                SystemCoreClock
 .data          0x20000004        0x8 Drivers\STM32F3xx_HAL_Driver\stm32f3xx_hal.o
                0x20000004                uwTickFreq
                0x20000008                uwTickPrio
 *(.data*)
                0x2000000c                . = ALIGN (0x4)
                0x2000000c                _edata = .
                0x08001484                _siccmram = LOADADDR (.ccmram)

.igot.plt       0x2000000c        0x0 load address 0x08001484
 .igot.plt      0x2000000c        0x0 d:/atollic/truestudio for stm32 9.3.0/armtools/bin/../lib/gcc/arm-atollic-eabi/6.3.1/armv7e-m/fpu/crtbegin.o

.ccmram         0x10000000        0x0 load address 0x08001484
                0x10000000                . = ALIGN (0x4)
                0x10000000                _sccmram = .
 *(.ccmram)
 *(.ccmram*)
                0x10000000                . = ALIGN (0x4)
                0x10000000                _eccmram = .
                0x10000000                . = ALIGN (0x4)

.bss            0x2000000c       0x6c
                0x2000000c                _sbss = .
                0x2000000c                __bss_start__ = _sbss
 *(.bss)
 .bss           0x2000000c       0x1c d:/atollic/truestudio for stm32 9.3.0/armtools/bin/../lib/gcc/arm-atollic-eabi/6.3.1/armv7e-m/fpu/crtbegin.o
 .bss           0x20000028       0x4c Application\User\main.o
                0x20000028                hi2c1
 *(.bss*)
 *(COMMON)
 COMMON         0x20000074        0x4 Drivers\STM32F3xx_HAL_Driver\stm32f3xx_hal.o
                0x20000074                uwTick
                0x20000078                . = ALIGN (0x4)
                0x20000078                _ebss = .
                0x20000078                __bss_end__ = _ebss

._user_heap_stack
                0x20000078      0x600
                0x20000078                . = ALIGN (0x8)
                0x20000078                PROVIDE (end, .)
                [!provide]                PROVIDE (_end, .)
                0x20000278                . = (. + _Min_Heap_Size)
 *fill*         0x20000078      0x200 
                0x20000678                . = (. + _Min_Stack_Size)
 *fill*         0x20000278      0x400 
                0x20000678                . = ALIGN (0x8)

/DISCARD/
 libc.a(*)
 libm.a(*)
 libgcc.a(*)

.ARM.attributes
                0x00000000       0x30
 *(.ARM.attributes)
 .ARM.attributes
                0x00000000       0x22 d:/atollic/truestudio for stm32 9.3.0/armtools/bin/../lib/gcc/arm-atollic-eabi/6.3.1/armv7e-m/fpu/crti.o
 .ARM.attributes
                0x00000022       0x34 d:/atollic/truestudio for stm32 9.3.0/armtools/bin/../lib/gcc/arm-atollic-eabi/6.3.1/armv7e-m/fpu/crtbegin.o
 .ARM.attributes
                0x00000056       0x21 Application\SW4STM32\startup_stm32f303xe.o
 .ARM.attributes
                0x00000077       0x39 Application\User\main.o
 .ARM.attributes
                0x000000b0       0x39 Application\User\stm32f3xx_hal_msp.o
 .ARM.attributes
                0x000000e9       0x39 Application\User\stm32f3xx_it.o
 .ARM.attributes
                0x00000122       0x39 Drivers\CMSIS\system_stm32f3xx.o
 .ARM.attributes
                0x0000015b       0x39 Drivers\STM32F3xx_HAL_Driver\stm32f3xx_hal.o
 .ARM.attributes
                0x00000194       0x39 Drivers\STM32F3xx_HAL_Driver\stm32f3xx_hal_cortex.o
 .ARM.attributes
                0x000001cd       0x39 Drivers\STM32F3xx_HAL_Driver\stm32f3xx_hal_gpio.o
 .ARM.attributes
                0x00000206       0x39 Drivers\STM32F3xx_HAL_Driver\stm32f3xx_hal_i2c.o
 .ARM.attributes
                0x0000023f       0x39 Drivers\STM32F3xx_HAL_Driver\stm32f3xx_hal_i2c_ex.o
 .ARM.attributes
                0x00000278       0x39 Drivers\STM32F3xx_HAL_Driver\stm32f3xx_hal_rcc.o
 .ARM.attributes
                0x000002b1       0x39 Drivers\STM32F3xx_HAL_Driver\stm32f3xx_hal_rcc_ex.o
 .ARM.attributes
                0x000002ea       0x34 d:/atollic/truestudio for stm32 9.3.0/armtools/bin/../lib/gcc/arm-atollic-eabi/6.3.1/../../../../arm-atollic-eabi/lib/armv7e-m/fpu\libc_nano.a(lib_a-init.o)
 .ARM.attributes
                0x0000031e       0x34 d:/atollic/truestudio for stm32 9.3.0/armtools/bin/../lib/gcc/arm-atollic-eabi/6.3.1/../../../../arm-atollic-eabi/lib/armv7e-m/fpu\libc_nano.a(lib_a-memset.o)
 .ARM.attributes
                0x00000352       0x22 d:/atollic/truestudio for stm32 9.3.0/armtools/bin/../lib/gcc/arm-atollic-eabi/6.3.1/armv7e-m/fpu/crtn.o
OUTPUT(Oled_SSD1306.elf elf32-littlearm)

.debug_line     0x00000000     0x644e
 .debug_line    0x00000000       0x7a Application\SW4STM32\startup_stm32f303xe.o
 .debug_line    0x0000007a      0x66b Application\User\main.o
 .debug_line    0x000006e5      0x63c Application\User\stm32f3xx_hal_msp.o
 .debug_line    0x00000d21      0x694 Application\User\stm32f3xx_it.o
 .debug_line    0x000013b5      0x62c Drivers\CMSIS\system_stm32f3xx.o
 .debug_line    0x000019e1      0x7d5 Drivers\STM32F3xx_HAL_Driver\stm32f3xx_hal.o
 .debug_line    0x000021b6      0x805 Drivers\STM32F3xx_HAL_Driver\stm32f3xx_hal_cortex.o
 .debug_line    0x000029bb      0x778 Drivers\STM32F3xx_HAL_Driver\stm32f3xx_hal_gpio.o
 .debug_line    0x00003133     0x1790 Drivers\STM32F3xx_HAL_Driver\stm32f3xx_hal_i2c.o
 .debug_line    0x000048c3      0x761 Drivers\STM32F3xx_HAL_Driver\stm32f3xx_hal_i2c_ex.o
 .debug_line    0x00005024      0xae3 Drivers\STM32F3xx_HAL_Driver\stm32f3xx_hal_rcc.o
 .debug_line    0x00005b07      0x947 Drivers\STM32F3xx_HAL_Driver\stm32f3xx_hal_rcc_ex.o

.debug_info     0x00000000     0xed68
 .debug_info    0x00000000       0x7d Application\SW4STM32\startup_stm32f303xe.o
 .debug_info    0x0000007d     0x144a Application\User\main.o
 .debug_info    0x000014c7     0x116e Application\User\stm32f3xx_hal_msp.o
 .debug_info    0x00002635      0xa3f Application\User\stm32f3xx_it.o
 .debug_info    0x00003074      0xc78 Drivers\CMSIS\system_stm32f3xx.o
 .debug_info    0x00003cec     0x10c4 Drivers\STM32F3xx_HAL_Driver\stm32f3xx_hal.o
 .debug_info    0x00004db0     0x1738 Drivers\STM32F3xx_HAL_Driver\stm32f3xx_hal_cortex.o
 .debug_info    0x000064e8      0xfeb Drivers\STM32F3xx_HAL_Driver\stm32f3xx_hal_gpio.o
 .debug_info    0x000074d3     0x3a12 Drivers\STM32F3xx_HAL_Driver\stm32f3xx_hal_i2c.o
 .debug_info    0x0000aee5     0x11ae Drivers\STM32F3xx_HAL_Driver\stm32f3xx_hal_i2c_ex.o
 .debug_info    0x0000c093     0x1c73 Drivers\STM32F3xx_HAL_Driver\stm32f3xx_hal_rcc.o
 .debug_info    0x0000dd06     0x1062 Drivers\STM32F3xx_HAL_Driver\stm32f3xx_hal_rcc_ex.o

.debug_abbrev   0x00000000     0x1bc0
 .debug_abbrev  0x00000000       0x12 Application\SW4STM32\startup_stm32f303xe.o
 .debug_abbrev  0x00000012      0x278 Application\User\main.o
 .debug_abbrev  0x0000028a      0x1fc Application\User\stm32f3xx_hal_msp.o
 .debug_abbrev  0x00000486      0x1c9 Application\User\stm32f3xx_it.o
 .debug_abbrev  0x0000064f      0x1e5 Drivers\CMSIS\system_stm32f3xx.o
 .debug_abbrev  0x00000834      0x2a7 Drivers\STM32F3xx_HAL_Driver\stm32f3xx_hal.o
 .debug_abbrev  0x00000adb      0x38f Drivers\STM32F3xx_HAL_Driver\stm32f3xx_hal_cortex.o
 .debug_abbrev  0x00000e6a      0x26d Drivers\STM32F3xx_HAL_Driver\stm32f3xx_hal_gpio.o
 .debug_abbrev  0x000010d7      0x2a5 Drivers\STM32F3xx_HAL_Driver\stm32f3xx_hal_i2c.o
 .debug_abbrev  0x0000137c      0x21d Drivers\STM32F3xx_HAL_Driver\stm32f3xx_hal_i2c_ex.o
 .debug_abbrev  0x00001599      0x32b Drivers\STM32F3xx_HAL_Driver\stm32f3xx_hal_rcc.o
 .debug_abbrev  0x000018c4      0x2fc Drivers\STM32F3xx_HAL_Driver\stm32f3xx_hal_rcc_ex.o

.debug_aranges  0x00000000      0x668
 .debug_aranges
                0x00000000       0x28 Application\SW4STM32\startup_stm32f303xe.o
 .debug_aranges
                0x00000028       0x40 Application\User\main.o
 .debug_aranges
                0x00000068       0x30 Application\User\stm32f3xx_hal_msp.o
 .debug_aranges
                0x00000098       0x60 Application\User\stm32f3xx_it.o
 .debug_aranges
                0x000000f8       0x28 Drivers\CMSIS\system_stm32f3xx.o
 .debug_aranges
                0x00000120       0xe0 Drivers\STM32F3xx_HAL_Driver\stm32f3xx_hal.o
 .debug_aranges
                0x00000200       0xa8 Drivers\STM32F3xx_HAL_Driver\stm32f3xx_hal_cortex.o
 .debug_aranges
                0x000002a8       0x58 Drivers\STM32F3xx_HAL_Driver\stm32f3xx_hal_gpio.o
 .debug_aranges
                0x00000300      0x260 Drivers\STM32F3xx_HAL_Driver\stm32f3xx_hal_i2c.o
 .debug_aranges
                0x00000560       0x48 Drivers\STM32F3xx_HAL_Driver\stm32f3xx_hal_i2c_ex.o
 .debug_aranges
                0x000005a8       0x88 Drivers\STM32F3xx_HAL_Driver\stm32f3xx_hal_rcc.o
 .debug_aranges
                0x00000630       0x38 Drivers\STM32F3xx_HAL_Driver\stm32f3xx_hal_rcc_ex.o

.debug_ranges   0x00000000      0x648
 .debug_ranges  0x00000000       0x20 Application\SW4STM32\startup_stm32f303xe.o
 .debug_ranges  0x00000020       0x30 Application\User\main.o
 .debug_ranges  0x00000050       0x20 Application\User\stm32f3xx_hal_msp.o
 .debug_ranges  0x00000070       0x50 Application\User\stm32f3xx_it.o
 .debug_ranges  0x000000c0       0x18 Drivers\CMSIS\system_stm32f3xx.o
 .debug_ranges  0x000000d8       0xd0 Drivers\STM32F3xx_HAL_Driver\stm32f3xx_hal.o
 .debug_ranges  0x000001a8       0xf8 Drivers\STM32F3xx_HAL_Driver\stm32f3xx_hal_cortex.o
 .debug_ranges  0x000002a0       0x48 Drivers\STM32F3xx_HAL_Driver\stm32f3xx_hal_gpio.o
 .debug_ranges  0x000002e8      0x250 Drivers\STM32F3xx_HAL_Driver\stm32f3xx_hal_i2c.o
 .debug_ranges  0x00000538       0x38 Drivers\STM32F3xx_HAL_Driver\stm32f3xx_hal_i2c_ex.o
 .debug_ranges  0x00000570       0x98 Drivers\STM32F3xx_HAL_Driver\stm32f3xx_hal_rcc.o
 .debug_ranges  0x00000608       0x40 Drivers\STM32F3xx_HAL_Driver\stm32f3xx_hal_rcc_ex.o

.debug_macro    0x00000000    0x1cbbe
 .debug_macro   0x00000000      0x2e7 Application\User\main.o
 .debug_macro   0x000002e7      0x8d4 Application\User\main.o
 .debug_macro   0x00000bbb       0x9f Application\User\main.o
 .debug_macro   0x00000c5a       0x2f Application\User\main.o
 .debug_macro   0x00000c89       0x28 Application\User\main.o
 .debug_macro   0x00000cb1       0x87 Application\User\main.o
 .debug_macro   0x00000d38       0x51 Application\User\main.o
 .debug_macro   0x00000d89       0xef Application\User\main.o
 .debug_macro   0x00000e78      0x1df Application\User\main.o
 .debug_macro   0x00001057       0x35 Application\User\main.o
 .debug_macro   0x0000108c       0x50 Application\User\main.o
 .debug_macro   0x000010dc      0xe66 Application\User\main.o
 .debug_macro   0x00001f42    0x1536f Application\User\main.o
 .debug_macro   0x000172b1       0x43 Application\User\main.o
 .debug_macro   0x000172f4       0x46 Application\User\main.o
 .debug_macro   0x0001733a       0x9c Application\User\main.o
 .debug_macro   0x000173d6       0x16 Application\User\main.o
 .debug_macro   0x000173ec       0x97 Application\User\main.o
 .debug_macro   0x00017483      0x330 Application\User\main.o
 .debug_macro   0x000177b3       0xf6 Application\User\main.o
 .debug_macro   0x000178a9       0x43 Application\User\main.o
 .debug_macro   0x000178ec       0x49 Application\User\main.o
 .debug_macro   0x00017935      0x95a Application\User\main.o
 .debug_macro   0x0001828f      0x84a Application\User\main.o
 .debug_macro   0x00018ad9      0x13a Application\User\main.o
 .debug_macro   0x00018c13      0x23a Application\User\main.o
 .debug_macro   0x00018e4d      0x1bc Application\User\main.o
 .debug_macro   0x00019009       0x31 Application\User\main.o
 .debug_macro   0x0001903a       0x3c Application\User\main.o
 .debug_macro   0x00019076      0x23a Application\User\main.o
 .debug_macro   0x000192b0       0xcb Application\User\main.o
 .debug_macro   0x0001937b      0x21e Application\User\main.o
 .debug_macro   0x00019599      0x209 Application\User\main.o
 .debug_macro   0x000197a2       0x5b Application\User\main.o
 .debug_macro   0x000197fd       0x90 Application\User\main.o
 .debug_macro   0x0001988d       0x82 Application\User\main.o
 .debug_macro   0x0001990f       0xd3 Application\User\main.o
 .debug_macro   0x000199e2      0x349 Application\User\main.o
 .debug_macro   0x00019d2b      0x2e7 Application\User\stm32f3xx_hal_msp.o
 .debug_macro   0x0001a012       0x87 Application\User\stm32f3xx_hal_msp.o
 .debug_macro   0x0001a099      0xe66 Application\User\stm32f3xx_hal_msp.o
 .debug_macro   0x0001aeff       0x97 Application\User\stm32f3xx_hal_msp.o
 .debug_macro   0x0001af96       0xfd Application\User\stm32f3xx_hal_msp.o
 .debug_macro   0x0001b093      0x2f1 Application\User\stm32f3xx_it.o
 .debug_macro   0x0001b384      0x2e3 Drivers\CMSIS\system_stm32f3xx.o
 .debug_macro   0x0001b667      0x301 Drivers\STM32F3xx_HAL_Driver\stm32f3xx_hal.o
 .debug_macro   0x0001b968      0x2dd Drivers\STM32F3xx_HAL_Driver\stm32f3xx_hal_cortex.o
 .debug_macro   0x0001bc45      0x315 Drivers\STM32F3xx_HAL_Driver\stm32f3xx_hal_gpio.o
 .debug_macro   0x0001bf5a      0x3a9 Drivers\STM32F3xx_HAL_Driver\stm32f3xx_hal_i2c.o
 .debug_macro   0x0001c303      0x2dd Drivers\STM32F3xx_HAL_Driver\stm32f3xx_hal_i2c_ex.o
 .debug_macro   0x0001c5e0      0x301 Drivers\STM32F3xx_HAL_Driver\stm32f3xx_hal_rcc.o
 .debug_macro   0x0001c8e1      0x2dd Drivers\STM32F3xx_HAL_Driver\stm32f3xx_hal_rcc_ex.o

.debug_str      0x00000000    0x9eaa1
 .debug_str     0x00000000    0x9c5ea Application\User\main.o
                              0x9c9f7 (size before relaxing)
 .debug_str     0x0009c5ea      0x3bf Application\User\stm32f3xx_hal_msp.o
                              0x9c421 (size before relaxing)
 .debug_str     0x0009c9a9       0xca Application\User\stm32f3xx_it.o
                              0x9bef9 (size before relaxing)
 .debug_str     0x0009ca73       0xd2 Drivers\CMSIS\system_stm32f3xx.o
                              0x9bf4a (size before relaxing)
 .debug_str     0x0009cb45      0x757 Drivers\STM32F3xx_HAL_Driver\stm32f3xx_hal.o
                              0x9c77a (size before relaxing)
 .debug_str     0x0009d29c      0x398 Drivers\STM32F3xx_HAL_Driver\stm32f3xx_hal_cortex.o
                              0x9c83a (size before relaxing)
 .debug_str     0x0009d634      0x291 Drivers\STM32F3xx_HAL_Driver\stm32f3xx_hal_gpio.o
                              0x9c21f (size before relaxing)
 .debug_str     0x0009d8c5      0xd97 Drivers\STM32F3xx_HAL_Driver\stm32f3xx_hal_i2c.o
                              0x9d0f8 (size before relaxing)
 .debug_str     0x0009e65c       0xbe Drivers\STM32F3xx_HAL_Driver\stm32f3xx_hal_i2c_ex.o
                              0x9c4fe (size before relaxing)
 .debug_str     0x0009e71a      0x2c3 Drivers\STM32F3xx_HAL_Driver\stm32f3xx_hal_rcc.o
                              0x9c3a9 (size before relaxing)
 .debug_str     0x0009e9dd       0xc4 Drivers\STM32F3xx_HAL_Driver\stm32f3xx_hal_rcc_ex.o
                              0x9c245 (size before relaxing)

.comment        0x00000000       0x7c
 .comment       0x00000000       0x7c Application\User\main.o
                                 0x7d (size before relaxing)
 .comment       0x0000007c       0x7d Application\User\stm32f3xx_hal_msp.o
 .comment       0x0000007c       0x7d Application\User\stm32f3xx_it.o
 .comment       0x0000007c       0x7d Drivers\CMSIS\system_stm32f3xx.o
 .comment       0x0000007c       0x7d Drivers\STM32F3xx_HAL_Driver\stm32f3xx_hal.o
 .comment       0x0000007c       0x7d Drivers\STM32F3xx_HAL_Driver\stm32f3xx_hal_cortex.o
 .comment       0x0000007c       0x7d Drivers\STM32F3xx_HAL_Driver\stm32f3xx_hal_gpio.o
 .comment       0x0000007c       0x7d Drivers\STM32F3xx_HAL_Driver\stm32f3xx_hal_i2c.o
 .comment       0x0000007c       0x7d Drivers\STM32F3xx_HAL_Driver\stm32f3xx_hal_i2c_ex.o
 .comment       0x0000007c       0x7d Drivers\STM32F3xx_HAL_Driver\stm32f3xx_hal_rcc.o
 .comment       0x0000007c       0x7d Drivers\STM32F3xx_HAL_Driver\stm32f3xx_hal_rcc_ex.o

.debug_frame    0x00000000     0x10a8
 .debug_frame   0x00000000       0x8c Application\User\main.o
 .debug_frame   0x0000008c       0x60 Application\User\stm32f3xx_hal_msp.o
 .debug_frame   0x000000ec       0xa8 Application\User\stm32f3xx_it.o
 .debug_frame   0x00000194       0x30 Drivers\CMSIS\system_stm32f3xx.o
 .debug_frame   0x000001c4      0x1cc Drivers\STM32F3xx_HAL_Driver\stm32f3xx_hal.o
 .debug_frame   0x00000390      0x15c Drivers\STM32F3xx_HAL_Driver\stm32f3xx_hal_cortex.o
 .debug_frame   0x000004ec       0xd0 Drivers\STM32F3xx_HAL_Driver\stm32f3xx_hal_gpio.o
 .debug_frame   0x000005bc      0x820 Drivers\STM32F3xx_HAL_Driver\stm32f3xx_hal_i2c.o
 .debug_frame   0x00000ddc       0x80 Drivers\STM32F3xx_HAL_Driver\stm32f3xx_hal_i2c_ex.o
 .debug_frame   0x00000e5c      0x180 Drivers\STM32F3xx_HAL_Driver\stm32f3xx_hal_rcc.o
 .debug_frame   0x00000fdc       0x80 Drivers\STM32F3xx_HAL_Driver\stm32f3xx_hal_rcc_ex.o
 .debug_frame   0x0000105c       0x2c d:/atollic/truestudio for stm32 9.3.0/armtools/bin/../lib/gcc/arm-atollic-eabi/6.3.1/../../../../arm-atollic-eabi/lib/armv7e-m/fpu\libc_nano.a(lib_a-init.o)
 .debug_frame   0x00001088       0x20 d:/atollic/truestudio for stm32 9.3.0/armtools/bin/../lib/gcc/arm-atollic-eabi/6.3.1/../../../../arm-atollic-eabi/lib/armv7e-m/fpu\libc_nano.a(lib_a-memset.o)

.debug_loc      0x00000000     0x5c21
 .debug_loc     0x00000000       0x74 Application\User\stm32f3xx_hal_msp.o
 .debug_loc     0x00000074       0xfe Drivers\CMSIS\system_stm32f3xx.o
 .debug_loc     0x00000172      0x108 Drivers\STM32F3xx_HAL_Driver\stm32f3xx_hal.o
 .debug_loc     0x0000027a      0x5ce Drivers\STM32F3xx_HAL_Driver\stm32f3xx_hal_cortex.o
 .debug_loc     0x00000848      0x315 Drivers\STM32F3xx_HAL_Driver\stm32f3xx_hal_gpio.o
 .debug_loc     0x00000b5d     0x3ab1 Drivers\STM32F3xx_HAL_Driver\stm32f3xx_hal_i2c.o
 .debug_loc     0x0000460e      0x21c Drivers\STM32F3xx_HAL_Driver\stm32f3xx_hal_i2c_ex.o
 .debug_loc     0x0000482a      0x93c Drivers\STM32F3xx_HAL_Driver\stm32f3xx_hal_rcc.o
 .debug_loc     0x00005166      0xabb Drivers\STM32F3xx_HAL_Driver\stm32f3xx_hal_rcc_ex.o

Cross Reference Table

Symbol                                            File
ADC1_2_IRQHandler                                 Application\SW4STM32\startup_stm32f303xe.o
ADC3_IRQHandler                                   Application\SW4STM32\startup_stm32f303xe.o
ADC4_IRQHandler                                   Application\SW4STM32\startup_stm32f303xe.o
AHBPrescTable                                     Drivers\CMSIS\system_stm32f3xx.o
                                                  Drivers\STM32F3xx_HAL_Driver\stm32f3xx_hal_rcc.o
APBPrescTable                                     Drivers\CMSIS\system_stm32f3xx.o
                                                  Drivers\STM32F3xx_HAL_Driver\stm32f3xx_hal_rcc.o
BusFault_Handler                                  Application\User\stm32f3xx_it.o
                                                  Application\SW4STM32\startup_stm32f303xe.o
CAN_RX1_IRQHandler                                Application\SW4STM32\startup_stm32f303xe.o
CAN_SCE_IRQHandler                                Application\SW4STM32\startup_stm32f303xe.o
COMP1_2_3_IRQHandler                              Application\SW4STM32\startup_stm32f303xe.o
COMP4_5_6_IRQHandler                              Application\SW4STM32\startup_stm32f303xe.o
COMP7_IRQHandler                                  Application\SW4STM32\startup_stm32f303xe.o
DMA1_Channel1_IRQHandler                          Application\SW4STM32\startup_stm32f303xe.o
DMA1_Channel2_IRQHandler                          Application\SW4STM32\startup_stm32f303xe.o
DMA1_Channel3_IRQHandler                          Application\SW4STM32\startup_stm32f303xe.o
DMA1_Channel4_IRQHandler                          Application\SW4STM32\startup_stm32f303xe.o
DMA1_Channel5_IRQHandler                          Application\SW4STM32\startup_stm32f303xe.o
DMA1_Channel6_IRQHandler                          Application\SW4STM32\startup_stm32f303xe.o
DMA1_Channel7_IRQHandler                          Application\SW4STM32\startup_stm32f303xe.o
DMA2_Channel1_IRQHandler                          Application\SW4STM32\startup_stm32f303xe.o
DMA2_Channel2_IRQHandler                          Application\SW4STM32\startup_stm32f303xe.o
DMA2_Channel3_IRQHandler                          Application\SW4STM32\startup_stm32f303xe.o
DMA2_Channel4_IRQHandler                          Application\SW4STM32\startup_stm32f303xe.o
DMA2_Channel5_IRQHandler                          Application\SW4STM32\startup_stm32f303xe.o
DebugMon_Handler                                  Application\User\stm32f3xx_it.o
                                                  Application\SW4STM32\startup_stm32f303xe.o
Default_Handler                                   Application\SW4STM32\startup_stm32f303xe.o
EXTI0_IRQHandler                                  Application\SW4STM32\startup_stm32f303xe.o
EXTI15_10_IRQHandler                              Application\SW4STM32\startup_stm32f303xe.o
EXTI1_IRQHandler                                  Application\SW4STM32\startup_stm32f303xe.o
EXTI2_TSC_IRQHandler                              Application\SW4STM32\startup_stm32f303xe.o
EXTI3_IRQHandler                                  Application\SW4STM32\startup_stm32f303xe.o
EXTI4_IRQHandler                                  Application\SW4STM32\startup_stm32f303xe.o
EXTI9_5_IRQHandler                                Application\SW4STM32\startup_stm32f303xe.o
Error_Handler                                     Application\User\main.o
FLASH_IRQHandler                                  Application\SW4STM32\startup_stm32f303xe.o
FLASH_PageErase                                   Drivers\STM32F3xx_HAL_Driver\stm32f3xx_hal_flash_ex.o
                                                  Drivers\STM32F3xx_HAL_Driver\stm32f3xx_hal_flash.o
FLASH_WaitForLastOperation                        Drivers\STM32F3xx_HAL_Driver\stm32f3xx_hal_flash.o
                                                  Drivers\STM32F3xx_HAL_Driver\stm32f3xx_hal_flash_ex.o
FMC_IRQHandler                                    Application\SW4STM32\startup_stm32f303xe.o
FPU_IRQHandler                                    Application\SW4STM32\startup_stm32f303xe.o
HAL_DBGMCU_DisableDBGSleepMode                    Drivers\STM32F3xx_HAL_Driver\stm32f3xx_hal.o
HAL_DBGMCU_DisableDBGStandbyMode                  Drivers\STM32F3xx_HAL_Driver\stm32f3xx_hal.o
HAL_DBGMCU_DisableDBGStopMode                     Drivers\STM32F3xx_HAL_Driver\stm32f3xx_hal.o
HAL_DBGMCU_EnableDBGSleepMode                     Drivers\STM32F3xx_HAL_Driver\stm32f3xx_hal.o
HAL_DBGMCU_EnableDBGStandbyMode                   Drivers\STM32F3xx_HAL_Driver\stm32f3xx_hal.o
HAL_DBGMCU_EnableDBGStopMode                      Drivers\STM32F3xx_HAL_Driver\stm32f3xx_hal.o
HAL_DMA_Abort                                     Drivers\STM32F3xx_HAL_Driver\stm32f3xx_hal_dma.o
HAL_DMA_Abort_IT                                  Drivers\STM32F3xx_HAL_Driver\stm32f3xx_hal_dma.o
                                                  Drivers\STM32F3xx_HAL_Driver\stm32f3xx_hal_i2c.o
HAL_DMA_DeInit                                    Drivers\STM32F3xx_HAL_Driver\stm32f3xx_hal_dma.o
HAL_DMA_GetError                                  Drivers\STM32F3xx_HAL_Driver\stm32f3xx_hal_dma.o
HAL_DMA_GetState                                  Drivers\STM32F3xx_HAL_Driver\stm32f3xx_hal_dma.o
HAL_DMA_IRQHandler                                Drivers\STM32F3xx_HAL_Driver\stm32f3xx_hal_dma.o
HAL_DMA_Init                                      Drivers\STM32F3xx_HAL_Driver\stm32f3xx_hal_dma.o
HAL_DMA_PollForTransfer                           Drivers\STM32F3xx_HAL_Driver\stm32f3xx_hal_dma.o
HAL_DMA_RegisterCallback                          Drivers\STM32F3xx_HAL_Driver\stm32f3xx_hal_dma.o
HAL_DMA_Start                                     Drivers\STM32F3xx_HAL_Driver\stm32f3xx_hal_dma.o
HAL_DMA_Start_IT                                  Drivers\STM32F3xx_HAL_Driver\stm32f3xx_hal_dma.o
                                                  Drivers\STM32F3xx_HAL_Driver\stm32f3xx_hal_i2c.o
HAL_DMA_UnRegisterCallback                        Drivers\STM32F3xx_HAL_Driver\stm32f3xx_hal_dma.o
HAL_DeInit                                        Drivers\STM32F3xx_HAL_Driver\stm32f3xx_hal.o
HAL_Delay                                         Drivers\STM32F3xx_HAL_Driver\stm32f3xx_hal.o
HAL_FLASHEx_Erase                                 Drivers\STM32F3xx_HAL_Driver\stm32f3xx_hal_flash_ex.o
HAL_FLASHEx_Erase_IT                              Drivers\STM32F3xx_HAL_Driver\stm32f3xx_hal_flash_ex.o
HAL_FLASHEx_OBErase                               Drivers\STM32F3xx_HAL_Driver\stm32f3xx_hal_flash_ex.o
HAL_FLASHEx_OBGetConfig                           Drivers\STM32F3xx_HAL_Driver\stm32f3xx_hal_flash_ex.o
HAL_FLASHEx_OBGetUserData                         Drivers\STM32F3xx_HAL_Driver\stm32f3xx_hal_flash_ex.o
HAL_FLASHEx_OBProgram                             Drivers\STM32F3xx_HAL_Driver\stm32f3xx_hal_flash_ex.o
HAL_FLASH_EndOfOperationCallback                  Drivers\STM32F3xx_HAL_Driver\stm32f3xx_hal_flash.o
HAL_FLASH_GetError                                Drivers\STM32F3xx_HAL_Driver\stm32f3xx_hal_flash.o
HAL_FLASH_IRQHandler                              Drivers\STM32F3xx_HAL_Driver\stm32f3xx_hal_flash.o
HAL_FLASH_Lock                                    Drivers\STM32F3xx_HAL_Driver\stm32f3xx_hal_flash.o
HAL_FLASH_OB_Launch                               Drivers\STM32F3xx_HAL_Driver\stm32f3xx_hal_flash.o
HAL_FLASH_OB_Lock                                 Drivers\STM32F3xx_HAL_Driver\stm32f3xx_hal_flash.o
HAL_FLASH_OB_Unlock                               Drivers\STM32F3xx_HAL_Driver\stm32f3xx_hal_flash.o
HAL_FLASH_OperationErrorCallback                  Drivers\STM32F3xx_HAL_Driver\stm32f3xx_hal_flash.o
HAL_FLASH_Program                                 Drivers\STM32F3xx_HAL_Driver\stm32f3xx_hal_flash.o
HAL_FLASH_Program_IT                              Drivers\STM32F3xx_HAL_Driver\stm32f3xx_hal_flash.o
HAL_FLASH_Unlock                                  Drivers\STM32F3xx_HAL_Driver\stm32f3xx_hal_flash.o
HAL_GPIO_DeInit                                   Drivers\STM32F3xx_HAL_Driver\stm32f3xx_hal_gpio.o
                                                  Application\User\stm32f3xx_hal_msp.o
HAL_GPIO_EXTI_Callback                            Drivers\STM32F3xx_HAL_Driver\stm32f3xx_hal_gpio.o
HAL_GPIO_EXTI_IRQHandler                          Drivers\STM32F3xx_HAL_Driver\stm32f3xx_hal_gpio.o
HAL_GPIO_Init                                     Drivers\STM32F3xx_HAL_Driver\stm32f3xx_hal_gpio.o
                                                  Drivers\STM32F3xx_HAL_Driver\stm32f3xx_hal_rcc.o
                                                  Application\User\stm32f3xx_hal_msp.o
HAL_GPIO_LockPin                                  Drivers\STM32F3xx_HAL_Driver\stm32f3xx_hal_gpio.o
HAL_GPIO_ReadPin                                  Drivers\STM32F3xx_HAL_Driver\stm32f3xx_hal_gpio.o
HAL_GPIO_TogglePin                                Drivers\STM32F3xx_HAL_Driver\stm32f3xx_hal_gpio.o
HAL_GPIO_WritePin                                 Drivers\STM32F3xx_HAL_Driver\stm32f3xx_hal_gpio.o
HAL_GetDEVID                                      Drivers\STM32F3xx_HAL_Driver\stm32f3xx_hal.o
HAL_GetHalVersion                                 Drivers\STM32F3xx_HAL_Driver\stm32f3xx_hal.o
HAL_GetREVID                                      Drivers\STM32F3xx_HAL_Driver\stm32f3xx_hal.o
HAL_GetTick                                       Drivers\STM32F3xx_HAL_Driver\stm32f3xx_hal.o
                                                  Drivers\STM32F3xx_HAL_Driver\stm32f3xx_hal_rcc_ex.o
                                                  Drivers\STM32F3xx_HAL_Driver\stm32f3xx_hal_rcc.o
                                                  Drivers\STM32F3xx_HAL_Driver\stm32f3xx_hal_i2c.o
                                                  Drivers\STM32F3xx_HAL_Driver\stm32f3xx_hal_flash.o
                                                  Drivers\STM32F3xx_HAL_Driver\stm32f3xx_hal_dma.o
HAL_GetTickFreq                                   Drivers\STM32F3xx_HAL_Driver\stm32f3xx_hal.o
HAL_GetTickPrio                                   Drivers\STM32F3xx_HAL_Driver\stm32f3xx_hal.o
HAL_GetUIDw0                                      Drivers\STM32F3xx_HAL_Driver\stm32f3xx_hal.o
HAL_GetUIDw1                                      Drivers\STM32F3xx_HAL_Driver\stm32f3xx_hal.o
HAL_GetUIDw2                                      Drivers\STM32F3xx_HAL_Driver\stm32f3xx_hal.o
HAL_I2CEx_ConfigAnalogFilter                      Drivers\STM32F3xx_HAL_Driver\stm32f3xx_hal_i2c_ex.o
                                                  Application\User\main.o
HAL_I2CEx_ConfigDigitalFilter                     Drivers\STM32F3xx_HAL_Driver\stm32f3xx_hal_i2c_ex.o
                                                  Application\User\main.o
HAL_I2CEx_DisableFastModePlus                     Drivers\STM32F3xx_HAL_Driver\stm32f3xx_hal_i2c_ex.o
HAL_I2CEx_DisableWakeUp                           Drivers\STM32F3xx_HAL_Driver\stm32f3xx_hal_i2c_ex.o
HAL_I2CEx_EnableFastModePlus                      Drivers\STM32F3xx_HAL_Driver\stm32f3xx_hal_i2c_ex.o
HAL_I2CEx_EnableWakeUp                            Drivers\STM32F3xx_HAL_Driver\stm32f3xx_hal_i2c_ex.o
HAL_I2C_AbortCpltCallback                         Drivers\STM32F3xx_HAL_Driver\stm32f3xx_hal_i2c.o
HAL_I2C_AddrCallback                              Drivers\STM32F3xx_HAL_Driver\stm32f3xx_hal_i2c.o
HAL_I2C_DeInit                                    Drivers\STM32F3xx_HAL_Driver\stm32f3xx_hal_i2c.o
HAL_I2C_DisableListen_IT                          Drivers\STM32F3xx_HAL_Driver\stm32f3xx_hal_i2c.o
HAL_I2C_ER_IRQHandler                             Drivers\STM32F3xx_HAL_Driver\stm32f3xx_hal_i2c.o
HAL_I2C_EV_IRQHandler                             Drivers\STM32F3xx_HAL_Driver\stm32f3xx_hal_i2c.o
HAL_I2C_EnableListen_IT                           Drivers\STM32F3xx_HAL_Driver\stm32f3xx_hal_i2c.o
HAL_I2C_ErrorCallback                             Drivers\STM32F3xx_HAL_Driver\stm32f3xx_hal_i2c.o
HAL_I2C_GetError                                  Drivers\STM32F3xx_HAL_Driver\stm32f3xx_hal_i2c.o
HAL_I2C_GetMode                                   Drivers\STM32F3xx_HAL_Driver\stm32f3xx_hal_i2c.o
HAL_I2C_GetState                                  Drivers\STM32F3xx_HAL_Driver\stm32f3xx_hal_i2c.o
HAL_I2C_Init                                      Drivers\STM32F3xx_HAL_Driver\stm32f3xx_hal_i2c.o
                                                  Application\User\main.o
HAL_I2C_IsDeviceReady                             Drivers\STM32F3xx_HAL_Driver\stm32f3xx_hal_i2c.o
HAL_I2C_ListenCpltCallback                        Drivers\STM32F3xx_HAL_Driver\stm32f3xx_hal_i2c.o
HAL_I2C_MasterRxCpltCallback                      Drivers\STM32F3xx_HAL_Driver\stm32f3xx_hal_i2c.o
HAL_I2C_MasterTxCpltCallback                      Drivers\STM32F3xx_HAL_Driver\stm32f3xx_hal_i2c.o
HAL_I2C_Master_Abort_IT                           Drivers\STM32F3xx_HAL_Driver\stm32f3xx_hal_i2c.o
HAL_I2C_Master_Receive                            Drivers\STM32F3xx_HAL_Driver\stm32f3xx_hal_i2c.o
HAL_I2C_Master_Receive_DMA                        Drivers\STM32F3xx_HAL_Driver\stm32f3xx_hal_i2c.o
HAL_I2C_Master_Receive_IT                         Drivers\STM32F3xx_HAL_Driver\stm32f3xx_hal_i2c.o
HAL_I2C_Master_Sequential_Receive_IT              Drivers\STM32F3xx_HAL_Driver\stm32f3xx_hal_i2c.o
HAL_I2C_Master_Sequential_Transmit_IT             Drivers\STM32F3xx_HAL_Driver\stm32f3xx_hal_i2c.o
HAL_I2C_Master_Transmit                           Drivers\STM32F3xx_HAL_Driver\stm32f3xx_hal_i2c.o
HAL_I2C_Master_Transmit_DMA                       Drivers\STM32F3xx_HAL_Driver\stm32f3xx_hal_i2c.o
HAL_I2C_Master_Transmit_IT                        Drivers\STM32F3xx_HAL_Driver\stm32f3xx_hal_i2c.o
HAL_I2C_MemRxCpltCallback                         Drivers\STM32F3xx_HAL_Driver\stm32f3xx_hal_i2c.o
HAL_I2C_MemTxCpltCallback                         Drivers\STM32F3xx_HAL_Driver\stm32f3xx_hal_i2c.o
HAL_I2C_Mem_Read                                  Drivers\STM32F3xx_HAL_Driver\stm32f3xx_hal_i2c.o
HAL_I2C_Mem_Read_DMA                              Drivers\STM32F3xx_HAL_Driver\stm32f3xx_hal_i2c.o
HAL_I2C_Mem_Read_IT                               Drivers\STM32F3xx_HAL_Driver\stm32f3xx_hal_i2c.o
HAL_I2C_Mem_Write                                 Drivers\STM32F3xx_HAL_Driver\stm32f3xx_hal_i2c.o
HAL_I2C_Mem_Write_DMA                             Drivers\STM32F3xx_HAL_Driver\stm32f3xx_hal_i2c.o
HAL_I2C_Mem_Write_IT                              Drivers\STM32F3xx_HAL_Driver\stm32f3xx_hal_i2c.o
HAL_I2C_MspDeInit                                 Application\User\stm32f3xx_hal_msp.o
HAL_I2C_MspInit                                   Application\User\stm32f3xx_hal_msp.o
HAL_I2C_SlaveRxCpltCallback                       Drivers\STM32F3xx_HAL_Driver\stm32f3xx_hal_i2c.o
HAL_I2C_SlaveTxCpltCallback                       Drivers\STM32F3xx_HAL_Driver\stm32f3xx_hal_i2c.o
HAL_I2C_Slave_Receive                             Drivers\STM32F3xx_HAL_Driver\stm32f3xx_hal_i2c.o
HAL_I2C_Slave_Receive_DMA                         Drivers\STM32F3xx_HAL_Driver\stm32f3xx_hal_i2c.o
HAL_I2C_Slave_Receive_IT                          Drivers\STM32F3xx_HAL_Driver\stm32f3xx_hal_i2c.o
HAL_I2C_Slave_Sequential_Receive_IT               Drivers\STM32F3xx_HAL_Driver\stm32f3xx_hal_i2c.o
HAL_I2C_Slave_Sequential_Transmit_IT              Drivers\STM32F3xx_HAL_Driver\stm32f3xx_hal_i2c.o
HAL_I2C_Slave_Transmit                            Drivers\STM32F3xx_HAL_Driver\stm32f3xx_hal_i2c.o
HAL_I2C_Slave_Transmit_DMA                        Drivers\STM32F3xx_HAL_Driver\stm32f3xx_hal_i2c.o
HAL_I2C_Slave_Transmit_IT                         Drivers\STM32F3xx_HAL_Driver\stm32f3xx_hal_i2c.o
HAL_IncTick                                       Drivers\STM32F3xx_HAL_Driver\stm32f3xx_hal.o
                                                  Application\User\stm32f3xx_it.o
HAL_Init                                          Drivers\STM32F3xx_HAL_Driver\stm32f3xx_hal.o
                                                  Application\User\main.o
HAL_InitTick                                      Drivers\STM32F3xx_HAL_Driver\stm32f3xx_hal.o
                                                  Drivers\STM32F3xx_HAL_Driver\stm32f3xx_hal_rcc.o
HAL_MPU_ConfigRegion                              Drivers\STM32F3xx_HAL_Driver\stm32f3xx_hal_cortex.o
HAL_MPU_Disable                                   Drivers\STM32F3xx_HAL_Driver\stm32f3xx_hal_cortex.o
HAL_MPU_Enable                                    Drivers\STM32F3xx_HAL_Driver\stm32f3xx_hal_cortex.o
HAL_MspDeInit                                     Drivers\STM32F3xx_HAL_Driver\stm32f3xx_hal.o
HAL_MspInit                                       Application\User\stm32f3xx_hal_msp.o
HAL_NVIC_ClearPendingIRQ                          Drivers\STM32F3xx_HAL_Driver\stm32f3xx_hal_cortex.o
HAL_NVIC_DisableIRQ                               Drivers\STM32F3xx_HAL_Driver\stm32f3xx_hal_cortex.o
HAL_NVIC_EnableIRQ                                Drivers\STM32F3xx_HAL_Driver\stm32f3xx_hal_cortex.o
HAL_NVIC_GetActive                                Drivers\STM32F3xx_HAL_Driver\stm32f3xx_hal_cortex.o
HAL_NVIC_GetPendingIRQ                            Drivers\STM32F3xx_HAL_Driver\stm32f3xx_hal_cortex.o
HAL_NVIC_GetPriority                              Drivers\STM32F3xx_HAL_Driver\stm32f3xx_hal_cortex.o
HAL_NVIC_GetPriorityGrouping                      Drivers\STM32F3xx_HAL_Driver\stm32f3xx_hal_cortex.o
HAL_NVIC_SetPendingIRQ                            Drivers\STM32F3xx_HAL_Driver\stm32f3xx_hal_cortex.o
HAL_NVIC_SetPriority                              Drivers\STM32F3xx_HAL_Driver\stm32f3xx_hal_cortex.o
                                                  Drivers\STM32F3xx_HAL_Driver\stm32f3xx_hal.o
HAL_NVIC_SetPriorityGrouping                      Drivers\STM32F3xx_HAL_Driver\stm32f3xx_hal_cortex.o
                                                  Drivers\STM32F3xx_HAL_Driver\stm32f3xx_hal.o
HAL_NVIC_SystemReset                              Drivers\STM32F3xx_HAL_Driver\stm32f3xx_hal_cortex.o
HAL_PWR_ConfigPVD                                 Drivers\STM32F3xx_HAL_Driver\stm32f3xx_hal_pwr_ex.o
HAL_PWR_DeInit                                    Drivers\STM32F3xx_HAL_Driver\stm32f3xx_hal_pwr.o
HAL_PWR_DisableBkUpAccess                         Drivers\STM32F3xx_HAL_Driver\stm32f3xx_hal_pwr.o
HAL_PWR_DisablePVD                                Drivers\STM32F3xx_HAL_Driver\stm32f3xx_hal_pwr_ex.o
HAL_PWR_DisableSEVOnPend                          Drivers\STM32F3xx_HAL_Driver\stm32f3xx_hal_pwr.o
HAL_PWR_DisableSleepOnExit                        Drivers\STM32F3xx_HAL_Driver\stm32f3xx_hal_pwr.o
HAL_PWR_DisableWakeUpPin                          Drivers\STM32F3xx_HAL_Driver\stm32f3xx_hal_pwr.o
HAL_PWR_EnableBkUpAccess                          Drivers\STM32F3xx_HAL_Driver\stm32f3xx_hal_pwr.o
HAL_PWR_EnablePVD                                 Drivers\STM32F3xx_HAL_Driver\stm32f3xx_hal_pwr_ex.o
HAL_PWR_EnableSEVOnPend                           Drivers\STM32F3xx_HAL_Driver\stm32f3xx_hal_pwr.o
HAL_PWR_EnableSleepOnExit                         Drivers\STM32F3xx_HAL_Driver\stm32f3xx_hal_pwr.o
HAL_PWR_EnableWakeUpPin                           Drivers\STM32F3xx_HAL_Driver\stm32f3xx_hal_pwr.o
HAL_PWR_EnterSLEEPMode                            Drivers\STM32F3xx_HAL_Driver\stm32f3xx_hal_pwr.o
HAL_PWR_EnterSTANDBYMode                          Drivers\STM32F3xx_HAL_Driver\stm32f3xx_hal_pwr.o
HAL_PWR_EnterSTOPMode                             Drivers\STM32F3xx_HAL_Driver\stm32f3xx_hal_pwr.o
HAL_PWR_PVDCallback                               Drivers\STM32F3xx_HAL_Driver\stm32f3xx_hal_pwr_ex.o
HAL_PWR_PVD_IRQHandler                            Drivers\STM32F3xx_HAL_Driver\stm32f3xx_hal_pwr_ex.o
HAL_RCCEx_GetPeriphCLKConfig                      Drivers\STM32F3xx_HAL_Driver\stm32f3xx_hal_rcc_ex.o
HAL_RCCEx_GetPeriphCLKFreq                        Drivers\STM32F3xx_HAL_Driver\stm32f3xx_hal_rcc_ex.o
HAL_RCCEx_PeriphCLKConfig                         Drivers\STM32F3xx_HAL_Driver\stm32f3xx_hal_rcc_ex.o
                                                  Application\User\main.o
HAL_RCC_CSSCallback                               Drivers\STM32F3xx_HAL_Driver\stm32f3xx_hal_rcc.o
HAL_RCC_ClockConfig                               Drivers\STM32F3xx_HAL_Driver\stm32f3xx_hal_rcc.o
                                                  Application\User\main.o
HAL_RCC_DeInit                                    Drivers\STM32F3xx_HAL_Driver\stm32f3xx_hal_rcc.o
HAL_RCC_DisableCSS                                Drivers\STM32F3xx_HAL_Driver\stm32f3xx_hal_rcc.o
HAL_RCC_EnableCSS                                 Drivers\STM32F3xx_HAL_Driver\stm32f3xx_hal_rcc.o
HAL_RCC_GetClockConfig                            Drivers\STM32F3xx_HAL_Driver\stm32f3xx_hal_rcc.o
HAL_RCC_GetHCLKFreq                               Drivers\STM32F3xx_HAL_Driver\stm32f3xx_hal_rcc.o
HAL_RCC_GetOscConfig                              Drivers\STM32F3xx_HAL_Driver\stm32f3xx_hal_rcc.o
HAL_RCC_GetPCLK1Freq                              Drivers\STM32F3xx_HAL_Driver\stm32f3xx_hal_rcc.o
                                                  Drivers\STM32F3xx_HAL_Driver\stm32f3xx_hal_rcc_ex.o
HAL_RCC_GetPCLK2Freq                              Drivers\STM32F3xx_HAL_Driver\stm32f3xx_hal_rcc.o
                                                  Drivers\STM32F3xx_HAL_Driver\stm32f3xx_hal_rcc_ex.o
HAL_RCC_GetSysClockFreq                           Drivers\STM32F3xx_HAL_Driver\stm32f3xx_hal_rcc.o
                                                  Drivers\STM32F3xx_HAL_Driver\stm32f3xx_hal_rcc_ex.o
HAL_RCC_MCOConfig                                 Drivers\STM32F3xx_HAL_Driver\stm32f3xx_hal_rcc.o
HAL_RCC_NMI_IRQHandler                            Drivers\STM32F3xx_HAL_Driver\stm32f3xx_hal_rcc.o
HAL_RCC_OscConfig                                 Drivers\STM32F3xx_HAL_Driver\stm32f3xx_hal_rcc.o
                                                  Application\User\main.o
HAL_ResumeTick                                    Drivers\STM32F3xx_HAL_Driver\stm32f3xx_hal.o
HAL_SYSTICK_CLKSourceConfig                       Drivers\STM32F3xx_HAL_Driver\stm32f3xx_hal_cortex.o
HAL_SYSTICK_Callback                              Drivers\STM32F3xx_HAL_Driver\stm32f3xx_hal_cortex.o
HAL_SYSTICK_Config                                Drivers\STM32F3xx_HAL_Driver\stm32f3xx_hal_cortex.o
                                                  Drivers\STM32F3xx_HAL_Driver\stm32f3xx_hal.o
HAL_SYSTICK_IRQHandler                            Drivers\STM32F3xx_HAL_Driver\stm32f3xx_hal_cortex.o
HAL_SetTickFreq                                   Drivers\STM32F3xx_HAL_Driver\stm32f3xx_hal.o
HAL_SuspendTick                                   Drivers\STM32F3xx_HAL_Driver\stm32f3xx_hal.o
HardFault_Handler                                 Application\User\stm32f3xx_it.o
                                                  Application\SW4STM32\startup_stm32f303xe.o
I2C1_ER_IRQHandler                                Application\SW4STM32\startup_stm32f303xe.o
I2C1_EV_IRQHandler                                Application\SW4STM32\startup_stm32f303xe.o
I2C2_ER_IRQHandler                                Application\SW4STM32\startup_stm32f303xe.o
I2C2_EV_IRQHandler                                Application\SW4STM32\startup_stm32f303xe.o
I2C3_ER_IRQHandler                                Application\SW4STM32\startup_stm32f303xe.o
I2C3_EV_IRQHandler                                Application\SW4STM32\startup_stm32f303xe.o
MemManage_Handler                                 Application\User\stm32f3xx_it.o
                                                  Application\SW4STM32\startup_stm32f303xe.o
NMI_Handler                                       Application\User\stm32f3xx_it.o
                                                  Application\SW4STM32\startup_stm32f303xe.o
PVD_IRQHandler                                    Application\SW4STM32\startup_stm32f303xe.o
PendSV_Handler                                    Application\User\stm32f3xx_it.o
                                                  Application\SW4STM32\startup_stm32f303xe.o
RCC_IRQHandler                                    Application\SW4STM32\startup_stm32f303xe.o
RTC_Alarm_IRQHandler                              Application\SW4STM32\startup_stm32f303xe.o
RTC_WKUP_IRQHandler                               Application\SW4STM32\startup_stm32f303xe.o
Reset_Handler                                     Application\SW4STM32\startup_stm32f303xe.o
SPI1_IRQHandler                                   Application\SW4STM32\startup_stm32f303xe.o
SPI2_IRQHandler                                   Application\SW4STM32\startup_stm32f303xe.o
SPI3_IRQHandler                                   Application\SW4STM32\startup_stm32f303xe.o
SPI4_IRQHandler                                   Application\SW4STM32\startup_stm32f303xe.o
SVC_Handler                                       Application\User\stm32f3xx_it.o
                                                  Application\SW4STM32\startup_stm32f303xe.o
SysTick_Handler                                   Application\User\stm32f3xx_it.o
                                                  Application\SW4STM32\startup_stm32f303xe.o
SystemClock_Config()                              Application\User\main.o
SystemCoreClock                                   Drivers\CMSIS\system_stm32f3xx.o
                                                  Drivers\STM32F3xx_HAL_Driver\stm32f3xx_hal_rcc_ex.o
                                                  Drivers\STM32F3xx_HAL_Driver\stm32f3xx_hal_rcc.o
                                                  Drivers\STM32F3xx_HAL_Driver\stm32f3xx_hal.o
SystemCoreClockUpdate                             Drivers\CMSIS\system_stm32f3xx.o
SystemInit                                        Drivers\CMSIS\system_stm32f3xx.o
                                                  Application\SW4STM32\startup_stm32f303xe.o
TAMP_STAMP_IRQHandler                             Application\SW4STM32\startup_stm32f303xe.o
TIM1_BRK_TIM15_IRQHandler                         Application\SW4STM32\startup_stm32f303xe.o
TIM1_CC_IRQHandler                                Application\SW4STM32\startup_stm32f303xe.o
TIM1_TRG_COM_TIM17_IRQHandler                     Application\SW4STM32\startup_stm32f303xe.o
TIM1_UP_TIM16_IRQHandler                          Application\SW4STM32\startup_stm32f303xe.o
TIM20_BRK_IRQHandler                              Application\SW4STM32\startup_stm32f303xe.o
TIM20_CC_IRQHandler                               Application\SW4STM32\startup_stm32f303xe.o
TIM20_TRG_COM_IRQHandler                          Application\SW4STM32\startup_stm32f303xe.o
TIM20_UP_IRQHandler                               Application\SW4STM32\startup_stm32f303xe.o
TIM2_IRQHandler                                   Application\SW4STM32\startup_stm32f303xe.o
TIM3_IRQHandler                                   Application\SW4STM32\startup_stm32f303xe.o
TIM4_IRQHandler                                   Application\SW4STM32\startup_stm32f303xe.o
TIM6_DAC_IRQHandler                               Application\SW4STM32\startup_stm32f303xe.o
TIM7_IRQHandler                                   Application\SW4STM32\startup_stm32f303xe.o
TIM8_BRK_IRQHandler                               Application\SW4STM32\startup_stm32f303xe.o
TIM8_CC_IRQHandler                                Application\SW4STM32\startup_stm32f303xe.o
TIM8_TRG_COM_IRQHandler                           Application\SW4STM32\startup_stm32f303xe.o
TIM8_UP_IRQHandler                                Application\SW4STM32\startup_stm32f303xe.o
UART4_IRQHandler                                  Application\SW4STM32\startup_stm32f303xe.o
UART5_IRQHandler                                  Application\SW4STM32\startup_stm32f303xe.o
USART1_IRQHandler                                 Application\SW4STM32\startup_stm32f303xe.o
USART2_IRQHandler                                 Application\SW4STM32\startup_stm32f303xe.o
USART3_IRQHandler                                 Application\SW4STM32\startup_stm32f303xe.o
USBWakeUp_IRQHandler                              Application\SW4STM32\startup_stm32f303xe.o
USBWakeUp_RMP_IRQHandler                          Application\SW4STM32\startup_stm32f303xe.o
USB_HP_CAN_TX_IRQHandler                          Application\SW4STM32\startup_stm32f303xe.o
USB_HP_IRQHandler                                 Application\SW4STM32\startup_stm32f303xe.o
USB_LP_CAN_RX0_IRQHandler                         Application\SW4STM32\startup_stm32f303xe.o
USB_LP_IRQHandler                                 Application\SW4STM32\startup_stm32f303xe.o
UsageFault_Handler                                Application\User\stm32f3xx_it.o
                                                  Application\SW4STM32\startup_stm32f303xe.o
WWDG_IRQHandler                                   Application\SW4STM32\startup_stm32f303xe.o
__deregister_frame_info                           d:/atollic/truestudio for stm32 9.3.0/armtools/bin/../lib/gcc/arm-atollic-eabi/6.3.1/armv7e-m/fpu/crtbegin.o
__dso_handle                                      d:/atollic/truestudio for stm32 9.3.0/armtools/bin/../lib/gcc/arm-atollic-eabi/6.3.1/armv7e-m/fpu/crtbegin.o
__env                                             Application\SW4STM32\syscalls.o
__errno                                           d:/atollic/truestudio for stm32 9.3.0/armtools/bin/../lib/gcc/arm-atollic-eabi/6.3.1/../../../../arm-atollic-eabi/lib/armv7e-m/fpu\libc_nano.a(lib_a-errno.o)
                                                  Application\SW4STM32\syscalls.o
__init_array_end                                  d:/atollic/truestudio for stm32 9.3.0/armtools/bin/../lib/gcc/arm-atollic-eabi/6.3.1/../../../../arm-atollic-eabi/lib/armv7e-m/fpu\libc_nano.a(lib_a-init.o)
__init_array_start                                d:/atollic/truestudio for stm32 9.3.0/armtools/bin/../lib/gcc/arm-atollic-eabi/6.3.1/../../../../arm-atollic-eabi/lib/armv7e-m/fpu\libc_nano.a(lib_a-init.o)
__io_getchar                                      Application\SW4STM32\syscalls.o
__io_putchar                                      Application\SW4STM32\syscalls.o
__libc_init_array                                 d:/atollic/truestudio for stm32 9.3.0/armtools/bin/../lib/gcc/arm-atollic-eabi/6.3.1/../../../../arm-atollic-eabi/lib/armv7e-m/fpu\libc_nano.a(lib_a-init.o)
                                                  Application\SW4STM32\startup_stm32f303xe.o
__preinit_array_end                               d:/atollic/truestudio for stm32 9.3.0/armtools/bin/../lib/gcc/arm-atollic-eabi/6.3.1/../../../../arm-atollic-eabi/lib/armv7e-m/fpu\libc_nano.a(lib_a-init.o)
__preinit_array_start                             d:/atollic/truestudio for stm32 9.3.0/armtools/bin/../lib/gcc/arm-atollic-eabi/6.3.1/../../../../arm-atollic-eabi/lib/armv7e-m/fpu\libc_nano.a(lib_a-init.o)
__register_frame_info                             d:/atollic/truestudio for stm32 9.3.0/armtools/bin/../lib/gcc/arm-atollic-eabi/6.3.1/armv7e-m/fpu/crtbegin.o
__sf_fake_stderr                                  d:/atollic/truestudio for stm32 9.3.0/armtools/bin/../lib/gcc/arm-atollic-eabi/6.3.1/../../../../arm-atollic-eabi/lib/armv7e-m/fpu\libc_nano.a(lib_a-impure.o)
__sf_fake_stdin                                   d:/atollic/truestudio for stm32 9.3.0/armtools/bin/../lib/gcc/arm-atollic-eabi/6.3.1/../../../../arm-atollic-eabi/lib/armv7e-m/fpu\libc_nano.a(lib_a-impure.o)
__sf_fake_stdout                                  d:/atollic/truestudio for stm32 9.3.0/armtools/bin/../lib/gcc/arm-atollic-eabi/6.3.1/../../../../arm-atollic-eabi/lib/armv7e-m/fpu\libc_nano.a(lib_a-impure.o)
_close                                            Application\SW4STM32\syscalls.o
_ebss                                             Application\SW4STM32\startup_stm32f303xe.o
_edata                                            Application\SW4STM32\startup_stm32f303xe.o
_estack                                           Application\SW4STM32\startup_stm32f303xe.o
_execve                                           Application\SW4STM32\syscalls.o
_exit                                             Application\SW4STM32\syscalls.o
_fini                                             d:/atollic/truestudio for stm32 9.3.0/armtools/bin/../lib/gcc/arm-atollic-eabi/6.3.1/armv7e-m/fpu/crti.o
_fork                                             Application\SW4STM32\syscalls.o
_fstat                                            Application\SW4STM32\syscalls.o
_getpid                                           Application\SW4STM32\syscalls.o
_global_impure_ptr                                d:/atollic/truestudio for stm32 9.3.0/armtools/bin/../lib/gcc/arm-atollic-eabi/6.3.1/../../../../arm-atollic-eabi/lib/armv7e-m/fpu\libc_nano.a(lib_a-impure.o)
_impure_ptr                                       d:/atollic/truestudio for stm32 9.3.0/armtools/bin/../lib/gcc/arm-atollic-eabi/6.3.1/../../../../arm-atollic-eabi/lib/armv7e-m/fpu\libc_nano.a(lib_a-impure.o)
                                                  d:/atollic/truestudio for stm32 9.3.0/armtools/bin/../lib/gcc/arm-atollic-eabi/6.3.1/../../../../arm-atollic-eabi/lib/armv7e-m/fpu\libc_nano.a(lib_a-errno.o)
_init                                             d:/atollic/truestudio for stm32 9.3.0/armtools/bin/../lib/gcc/arm-atollic-eabi/6.3.1/armv7e-m/fpu/crti.o
                                                  d:/atollic/truestudio for stm32 9.3.0/armtools/bin/../lib/gcc/arm-atollic-eabi/6.3.1/../../../../arm-atollic-eabi/lib/armv7e-m/fpu\libc_nano.a(lib_a-init.o)
_isatty                                           Application\SW4STM32\syscalls.o
_kill                                             Application\SW4STM32\syscalls.o
_link                                             Application\SW4STM32\syscalls.o
_lseek                                            Application\SW4STM32\syscalls.o
_open                                             Application\SW4STM32\syscalls.o
_read                                             Application\SW4STM32\syscalls.o
_sbrk                                             Application\SW4STM32\syscalls.o
_sbss                                             Application\SW4STM32\startup_stm32f303xe.o
_sdata                                            Application\SW4STM32\startup_stm32f303xe.o
_sidata                                           Application\SW4STM32\startup_stm32f303xe.o
_stat                                             Application\SW4STM32\syscalls.o
_times                                            Application\SW4STM32\syscalls.o
_unlink                                           Application\SW4STM32\syscalls.o
_wait                                             Application\SW4STM32\syscalls.o
_write                                            Application\SW4STM32\syscalls.o
aPLLMULFactorTable                                Drivers\STM32F3xx_HAL_Driver\stm32f3xx_hal_rcc.o
aPredivFactorTable                                Drivers\STM32F3xx_HAL_Driver\stm32f3xx_hal_rcc.o
end                                               Application\SW4STM32\syscalls.o
environ                                           Application\SW4STM32\syscalls.o
g_pfnVectors                                      Application\SW4STM32\startup_stm32f303xe.o
hi2c1                                             Application\User\main.o
initialise_monitor_handles                        Application\SW4STM32\syscalls.o
main                                              Application\User\main.o
                                                  Application\SW4STM32\startup_stm32f303xe.o
memset                                            d:/atollic/truestudio for stm32 9.3.0/armtools/bin/../lib/gcc/arm-atollic-eabi/6.3.1/../../../../arm-atollic-eabi/lib/armv7e-m/fpu\libc_nano.a(lib_a-memset.o)
                                                  Application\User\main.o
pFlash                                            Drivers\STM32F3xx_HAL_Driver\stm32f3xx_hal_flash.o
                                                  Drivers\STM32F3xx_HAL_Driver\stm32f3xx_hal_flash_ex.o
uwTick                                            Drivers\STM32F3xx_HAL_Driver\stm32f3xx_hal.o
uwTickFreq                                        Drivers\STM32F3xx_HAL_Driver\stm32f3xx_hal.o
uwTickPrio                                        Drivers\STM32F3xx_HAL_Driver\stm32f3xx_hal.o
